Microsoft (R) Macro Assembler Version 5.10                  9/12/18 12:40:30
                                                             Page     1-1


				
				; HELLO1.ASM -  упрощенная версия учебной прогр
				аммы лаб.раб. N1
				;               по дисциплине "Архитектура комп
				ьютера"
				; *********************************************
				********************
				; Назначение: Программа формирует и выводит на 
				экран приветствие
				;             пользователя с помощью функции ДО
				С "Вывод строки"
				;             (номер 09 прерывание 21h), котора
				я:
				;              - обеспечивает вывод на экран ст
				роки символов,
				;                заканчивающейся знаком "$";
				;              - требует задания в регистре ah 
				номера функции=09h,
				;                а в регистре dx -  смещения  а
				дреса  выводимой
				;                строки;
				;              - использует регистр  ax  и  не 
				сохраняет его
				;                содержимое.
				; *********************************************
				*********************
				
				   DOSSEG                                      
				; Задание сегментов под ДОС
				   .MODEL  SMALL                               
				; Модель памяти-SMALL(Малая)
				   .STACK  100h                                
				; Отвести под Стек 256 байт
				   .DATA                                       
				; Начало сегмента данных
 0000  49 20 61 6D 20 44	      Hellostr DB 'I am Davdydov Alexande - stu
				dent of group 7304$'
       61 76 64 79 64 6F	
       76 20 41 6C 65 78	
       61 6E 64 65 20 2D	
       20 73 74 75 64 65	
       6E 74 20 6F 66 20	
       67 72 6F 75 70 20	
       37 33 30 34 24		
				   .CODE                                ; Начал
				о сегмента кода
 0000  B8 ---- R		   mov  ax,@data                        ; Загру
				зка в DS адреса начала
 0003  8E D8			   mov  ds,ax                           ; сегме
				нта данных
 0005  BA 0000 R		   mov  dx,offset Hellostr              ; Загру
				зка в dx смещения
 0008  B4 09			   mov  ah,9                            ; # фун
				кции ДОС печати строки
Microsoft (R) Macro Assembler Version 5.10                  9/12/18 12:40:30
                                                             Page     1-2


 000A  CD 21			   int  21h  
 000C  B4 4C			   mov ah, 4ch                            ; зав
				ершение программы и выход в ДОС
 000E  CD 21			   int 21h
				   END
Microsoft (R) Macro Assembler Version 5.10                  9/12/18 12:40:30
                                                             Symbols-1


Segments and Groups:

                N a m e         	Length	 Align	Combine Class

DGROUP . . . . . . . . . . . . .  	GROUP
  _DATA  . . . . . . . . . . . .  	002F	WORD	PUBLIC	'DATA'
  STACK  . . . . . . . . . . . .  	0100	PARA	STACK	'STACK'
_TEXT  . . . . . . . . . . . . .  	0010	WORD	PUBLIC	'CODE'

Symbols:            

                N a m e         	Type	 Value	 Attr

HELLOSTR . . . . . . . . . . . .  	L BYTE	0000	_DATA

@CODE  . . . . . . . . . . . . .  	TEXT  _TEXT		
@CODESIZE  . . . . . . . . . . .  	TEXT  0		
@CPU . . . . . . . . . . . . . .  	TEXT  0101h		
@DATASIZE  . . . . . . . . . . .  	TEXT  0		
@FILENAME  . . . . . . . . . . .  	TEXT  HELLO1		
@VERSION . . . . . . . . . . . .  	TEXT  510		


     30 Source  Lines
     30 Total   Lines
     18 Symbols

  47992 + 461315 Bytes symbol space free

      0 Warning Errors
      0 Severe  Errors
